// Vitest Snapshot v1, https://vitest.dev/guide/snapshot.html

exports[`Testing Home page render 1`] = `
{
  "asFragment": [Function],
  "baseElement": <body>
    <div>
      <div
        class="w-screen h-screen bg-black flex justify-center items-center text-white"
      >
        <div
          class="w-full max-w-[600px] mx-auto text-center sm:text-left"
        >
          <h1
            class="text-6xl"
          >
            ScribeMe
          </h1>
          <p
            class="text-2xl text-white/60"
          >
            Journel and reflect on yourself over time.
          </p>
          <div
            class="my-4"
          >
            <a
              href="/scribe"
            >
              <button
                class="bg-blue-600 px-4 py-2 rounded-lg text-xl"
              >
                Get started
              </button>
            </a>
          </div>
        </div>
      </div>
    </div>
  </body>,
  "container": <div>
    <div
      class="w-screen h-screen bg-black flex justify-center items-center text-white"
    >
      <div
        class="w-full max-w-[600px] mx-auto text-center sm:text-left"
      >
        <h1
          class="text-6xl"
        >
          ScribeMe
        </h1>
        <p
          class="text-2xl text-white/60"
        >
          Journel and reflect on yourself over time.
        </p>
        <div
          class="my-4"
        >
          <a
            href="/scribe"
          >
            <button
              class="bg-blue-600 px-4 py-2 rounded-lg text-xl"
            >
              Get started
            </button>
          </a>
        </div>
      </div>
    </div>
  </div>,
  "debug": [Function],
  "findAllByAltText": [Function],
  "findAllByDisplayValue": [Function],
  "findAllByLabelText": [Function],
  "findAllByPlaceholderText": [Function],
  "findAllByRole": [Function],
  "findAllByTestId": [Function],
  "findAllByText": [Function],
  "findAllByTitle": [Function],
  "findByAltText": [Function],
  "findByDisplayValue": [Function],
  "findByLabelText": [Function],
  "findByPlaceholderText": [Function],
  "findByRole": [Function],
  "findByTestId": [Function],
  "findByText": [Function],
  "findByTitle": [Function],
  "getAllByAltText": [Function],
  "getAllByDisplayValue": [Function],
  "getAllByLabelText": [Function],
  "getAllByPlaceholderText": [Function],
  "getAllByRole": [Function],
  "getAllByTestId": [Function],
  "getAllByText": [Function],
  "getAllByTitle": [Function],
  "getByAltText": [Function],
  "getByDisplayValue": [Function],
  "getByLabelText": [Function],
  "getByPlaceholderText": [Function],
  "getByRole": [Function],
  "getByTestId": [Function],
  "getByText": [Function],
  "getByTitle": [Function],
  "queryAllByAltText": [Function],
  "queryAllByDisplayValue": [Function],
  "queryAllByLabelText": [Function],
  "queryAllByPlaceholderText": [Function],
  "queryAllByRole": [Function],
  "queryAllByTestId": [Function],
  "queryAllByText": [Function],
  "queryAllByTitle": [Function],
  "queryByAltText": [Function],
  "queryByDisplayValue": [Function],
  "queryByLabelText": [Function],
  "queryByPlaceholderText": [Function],
  "queryByRole": [Function],
  "queryByTestId": [Function],
  "queryByText": [Function],
  "queryByTitle": [Function],
  "rerender": [Function],
  "unmount": [Function],
}
`;
